<html>
<body>
<pre>
<h1>µVision Build Log</h1>
<h2>Project:</h2>
E:\Vector\Project\SI\smart_irrigation.uvproj
Project File Date:  11/08/2024

<h2>Output:</h2>
Rebuild target 'Target 1'
assembling Startup.s...
compiling project.c...
linking...
Program Size: Code=2124 RO-data=32 RW-data=4 ZI-data=1260  
FromELF: creating hex file...
"smart_proj.axf" - 0 Error(s), 0 Warning(s).
Rebuild target 'Target 1'
assembling Startup.s...
compiling project.c...
linking...
Program Size: Code=2124 RO-data=32 RW-data=4 ZI-data=1260  
FromELF: creating hex file...
"smart_proj.axf" - 0 Error(s), 0 Warning(s).
Rebuild target 'Target 1'
assembling Startup.s...
compiling project.c...
linking...
Program Size: Code=2124 RO-data=32 RW-data=4 ZI-data=1260  
FromELF: creating hex file...
"smart_proj.axf" - 0 Error(s), 0 Warning(s).
